127.0.0.1 - - [29/Apr/2019:09:04:55 +0800] "GET /nacos/v1/cs/configs?dataId=swagger-server.properties&group=DEFAULT_GROUP&tenant=e2028abc-3fdf-492c-a3d7-d8de579aa73c HTTP/1.1" 404 23 2 Java/1.8.0_111
127.0.0.1 - - [29/Apr/2019:09:04:55 +0800] "GET /nacos/v1/cs/configs?dataId=swagger-server-dev.properties&group=DEFAULT_GROUP&tenant=e2028abc-3fdf-492c-a3d7-d8de579aa73c HTTP/1.1" 404 23 1 Java/1.8.0_111
127.0.0.1 - - [29/Apr/2019:09:04:55 +0800] "GET /nacos/v1/ns/service/list?pageSize=2147483647&groupName=DEFAULT_GROUP&encoding=UTF-8&namespaceId=e2028abc-3fdf-492c-a3d7-d8de579aa73c&pageNo=1 HTTP/1.1" 200 48 1 Nacos-Java-Client:v1.0.0
127.0.0.1 - - [29/Apr/2019:09:04:55 +0800] "GET /nacos/v1/ns/instance/list?healthyOnly=false&namespaceId=e2028abc-3fdf-492c-a3d7-d8de579aa73c&clientIP=172.17.118.113&serviceName=DEFAULT_GROUP%40%40swagger-server&udpPort=51549&encoding=UTF-8 HTTP/1.1" 200 578 3 Nacos-Java-Client:v1.0.0
127.0.0.1 - - [29/Apr/2019:09:04:55 +0800] "GET /nacos/v1/ns/service/list?pageSize=2147483647&groupName=DEFAULT_GROUP&encoding=UTF-8&namespaceId=e2028abc-3fdf-492c-a3d7-d8de579aa73c&pageNo=1 HTTP/1.1" 200 48 3 Nacos-Java-Client:v1.0.0
172.17.118.113 - - [29/Apr/2019:09:04:57 +0800] "GET /nacos/v1/cs/health HTTP/1.1" 200 2 3 Apache-HttpAsyncClient/4.1.3 (Java/1.8.0_162)
127.0.0.1 - - [29/Apr/2019:09:04:58 +0800] "PUT /nacos/v1/ns/instance/beat?beat=%7B%22cluster%22%3A%22DEFAULT%22%2C%22ip%22%3A%22172.17.118.113%22%2C%22metadata%22%3A%7B%22preserved.register.source%22%3A%22SPRING_CLOUD%22%7D%2C%22port%22%3A8500%2C%22scheduled%22%3Atrue%2C%22serviceName%22%3A%22DEFAULT_GROUP%40%40swagger-server%22%2C%22weight%22%3A1.0%7D&serviceName=DEFAULT_GROUP%40%40swagger-server&encoding=UTF-8&namespaceId=e2028abc-3fdf-492c-a3d7-d8de579aa73c HTTP/1.1" 200 38 1 Nacos-Java-Client:v1.0.0
172.17.118.113 - - [29/Apr/2019:09:05:02 +0800] "GET /nacos/v1/cs/health HTTP/1.1" 200 2 4 Apache-HttpAsyncClient/4.1.3 (Java/1.8.0_162)
127.0.0.1 - - [29/Apr/2019:09:05:03 +0800] "POST /nacos/v1/cs/configs/listener HTTP/1.1" 500 - 29507 Java/1.8.0_111
127.0.0.1 - - [29/Apr/2019:09:05:03 +0800] "PUT /nacos/v1/ns/instance/beat?beat=%7B%22cluster%22%3A%22DEFAULT%22%2C%22ip%22%3A%22172.17.118.113%22%2C%22metadata%22%3A%7B%22preserved.register.source%22%3A%22SPRING_CLOUD%22%7D%2C%22port%22%3A8500%2C%22scheduled%22%3Atrue%2C%22serviceName%22%3A%22DEFAULT_GROUP%40%40swagger-server%22%2C%22weight%22%3A1.0%7D&serviceName=DEFAULT_GROUP%40%40swagger-server&encoding=UTF-8&namespaceId=e2028abc-3fdf-492c-a3d7-d8de579aa73c HTTP/1.1" 200 38 2 Nacos-Java-Client:v1.0.0
127.0.0.1 - - [29/Apr/2019:09:05:05 +0800] "GET /nacos/v1/ns/instance/list?healthyOnly=false&namespaceId=e2028abc-3fdf-492c-a3d7-d8de579aa73c&clientIP=172.17.118.113&serviceName=DEFAULT_GROUP%40%40swagger-server&udpPort=51549&encoding=UTF-8 HTTP/1.1" 200 578 3 Nacos-Java-Client:v1.0.0
172.17.118.113 - - [29/Apr/2019:09:05:07 +0800] "GET /nacos/v1/cs/health HTTP/1.1" 200 2 4 Apache-HttpAsyncClient/4.1.3 (Java/1.8.0_162)
127.0.0.1 - - [29/Apr/2019:09:05:08 +0800] "PUT /nacos/v1/ns/instance/beat?beat=%7B%22cluster%22%3A%22DEFAULT%22%2C%22ip%22%3A%22172.17.118.113%22%2C%22metadata%22%3A%7B%22preserved.register.source%22%3A%22SPRING_CLOUD%22%7D%2C%22port%22%3A8500%2C%22scheduled%22%3Atrue%2C%22serviceName%22%3A%22DEFAULT_GROUP%40%40swagger-server%22%2C%22weight%22%3A1.0%7D&serviceName=DEFAULT_GROUP%40%40swagger-server&encoding=UTF-8&namespaceId=e2028abc-3fdf-492c-a3d7-d8de579aa73c HTTP/1.1" 200 38 2 Nacos-Java-Client:v1.0.0
172.17.118.113 - - [29/Apr/2019:09:05:12 +0800] "GET /nacos/v1/cs/health HTTP/1.1" 200 2 1 Apache-HttpAsyncClient/4.1.3 (Java/1.8.0_162)
127.0.0.1 - - [29/Apr/2019:09:05:13 +0800] "PUT /nacos/v1/ns/instance/beat?beat=%7B%22cluster%22%3A%22DEFAULT%22%2C%22ip%22%3A%22172.17.118.113%22%2C%22metadata%22%3A%7B%22preserved.register.source%22%3A%22SPRING_CLOUD%22%7D%2C%22port%22%3A8500%2C%22scheduled%22%3Atrue%2C%22serviceName%22%3A%22DEFAULT_GROUP%40%40swagger-server%22%2C%22weight%22%3A1.0%7D&serviceName=DEFAULT_GROUP%40%40swagger-server&encoding=UTF-8&namespaceId=e2028abc-3fdf-492c-a3d7-d8de579aa73c HTTP/1.1" 200 38 1 Nacos-Java-Client:v1.0.0
127.0.0.1 - - [29/Apr/2019:09:05:14 +0800] "GET /nacos/v1/cs/configs?dataId=swagger-server&group=DEFAULT_GROUP&namespace=e2028abc-3fdf-492c-a3d7-d8de579aa73c HTTP/1.1" 404 23 3 Mozilla/5.0 (Windows NT 10.0; Win64; x64) AppleWebKit/537.36 (KHTML, like Gecko) Chrome/73.0.3683.86 Safari/537.36
127.0.0.1 - - [29/Apr/2019:09:05:14 +0800] "GET /nacos/v1/cs/configs?dataId=swagger-server&group=DEFAULT_GROUP&namespace=e2028abc-3fdf-492c-a3d7-d8de579aa73c HTTP/1.1" 404 23 2 Mozilla/5.0 (Windows NT 10.0; Win64; x64) AppleWebKit/537.36 (KHTML, like Gecko) Chrome/73.0.3683.86 Safari/537.36
127.0.0.1 - - [29/Apr/2019:09:05:14 +0800] "GET /nacos/v1/cs/configs?dataId=swagger-server&group=DEFAULT_GROUP&namespace=e2028abc-3fdf-492c-a3d7-d8de579aa73c HTTP/1.1" 404 23 1 Mozilla/5.0 (Windows NT 10.0; Win64; x64) AppleWebKit/537.36 (KHTML, like Gecko) Chrome/73.0.3683.86 Safari/537.36
127.0.0.1 - - [29/Apr/2019:09:05:15 +0800] "GET /nacos/v1/ns/instance/list?healthyOnly=false&namespaceId=e2028abc-3fdf-492c-a3d7-d8de579aa73c&clientIP=172.17.118.113&serviceName=DEFAULT_GROUP%40%40swagger-server&udpPort=51549&encoding=UTF-8 HTTP/1.1" 200 578 2 Nacos-Java-Client:v1.0.0
172.17.118.113 - - [29/Apr/2019:09:05:17 +0800] "GET /nacos/v1/cs/health HTTP/1.1" 200 2 3 Apache-HttpAsyncClient/4.1.3 (Java/1.8.0_162)
127.0.0.1 - - [29/Apr/2019:09:05:18 +0800] "PUT /nacos/v1/ns/instance/beat?beat=%7B%22cluster%22%3A%22DEFAULT%22%2C%22ip%22%3A%22172.17.118.113%22%2C%22metadata%22%3A%7B%22preserved.register.source%22%3A%22SPRING_CLOUD%22%7D%2C%22port%22%3A8500%2C%22scheduled%22%3Atrue%2C%22serviceName%22%3A%22DEFAULT_GROUP%40%40swagger-server%22%2C%22weight%22%3A1.0%7D&serviceName=DEFAULT_GROUP%40%40swagger-server&encoding=UTF-8&namespaceId=e2028abc-3fdf-492c-a3d7-d8de579aa73c HTTP/1.1" 200 38 2 Nacos-Java-Client:v1.0.0
172.17.118.113 - - [29/Apr/2019:09:05:22 +0800] "GET /nacos/v1/cs/health HTTP/1.1" 200 2 2 Apache-HttpAsyncClient/4.1.3 (Java/1.8.0_162)
127.0.0.1 - - [29/Apr/2019:09:05:23 +0800] "PUT /nacos/v1/ns/instance/beat?beat=%7B%22cluster%22%3A%22DEFAULT%22%2C%22ip%22%3A%22172.17.118.113%22%2C%22metadata%22%3A%7B%22preserved.register.source%22%3A%22SPRING_CLOUD%22%7D%2C%22port%22%3A8500%2C%22scheduled%22%3Atrue%2C%22serviceName%22%3A%22DEFAULT_GROUP%40%40swagger-server%22%2C%22weight%22%3A1.0%7D&serviceName=DEFAULT_GROUP%40%40swagger-server&encoding=UTF-8&namespaceId=e2028abc-3fdf-492c-a3d7-d8de579aa73c HTTP/1.1" 200 38 2 Nacos-Java-Client:v1.0.0
127.0.0.1 - - [29/Apr/2019:09:05:24 +0800] "POST /nacos/v1/cs/configs/listener HTTP/1.1" 200 - 29503 Java/1.8.0_111
127.0.0.1 - - [29/Apr/2019:09:05:24 +0800] "GET /nacos/v1/ns/service/list?pageSize=2147483647&groupName=DEFAULT_GROUP&encoding=UTF-8&namespaceId=e2028abc-3fdf-492c-a3d7-d8de579aa73c&pageNo=1 HTTP/1.1" 200 48 1 Nacos-Java-Client:v1.0.0
127.0.0.1 - - [29/Apr/2019:09:05:25 +0800] "GET /nacos/v1/ns/instance/list?healthyOnly=false&namespaceId=e2028abc-3fdf-492c-a3d7-d8de579aa73c&clientIP=172.17.118.113&serviceName=DEFAULT_GROUP%40%40swagger-server&udpPort=51549&encoding=UTF-8 HTTP/1.1" 200 578 3 Nacos-Java-Client:v1.0.0
172.17.118.113 - - [29/Apr/2019:09:05:27 +0800] "GET /nacos/v1/cs/health HTTP/1.1" 200 2 3 Apache-HttpAsyncClient/4.1.3 (Java/1.8.0_162)
127.0.0.1 - - [29/Apr/2019:09:05:28 +0800] "PUT /nacos/v1/ns/instance/beat?beat=%7B%22cluster%22%3A%22DEFAULT%22%2C%22ip%22%3A%22172.17.118.113%22%2C%22metadata%22%3A%7B%22preserved.register.source%22%3A%22SPRING_CLOUD%22%7D%2C%22port%22%3A8500%2C%22scheduled%22%3Atrue%2C%22serviceName%22%3A%22DEFAULT_GROUP%40%40swagger-server%22%2C%22weight%22%3A1.0%7D&serviceName=DEFAULT_GROUP%40%40swagger-server&encoding=UTF-8&namespaceId=e2028abc-3fdf-492c-a3d7-d8de579aa73c HTTP/1.1" 200 38 3 Nacos-Java-Client:v1.0.0
127.0.0.1 - - [29/Apr/2019:09:05:29 +0800] "DELETE /nacos/v1/ns/instance?namespaceId=e2028abc-3fdf-492c-a3d7-d8de579aa73c&port=8500&clusterName=DEFAULT&ip=172.17.118.113&ephemeral=true&serviceName=DEFAULT_GROUP%40%40swagger-server&encoding=UTF-8 HTTP/1.1" 200 2 2 Nacos-Java-Client:v1.0.0
172.17.118.113 - - [29/Apr/2019:09:05:32 +0800] "GET /nacos/v1/cs/health HTTP/1.1" 200 2 2 Apache-HttpAsyncClient/4.1.3 (Java/1.8.0_162)
127.0.0.1 - - [29/Apr/2019:09:05:33 +0800] "GET /nacos/v1/cs/configs?dataId=swagger-server.properties&group=DEFAULT_GROUP&tenant=e2028abc-3fdf-492c-a3d7-d8de579aa73c HTTP/1.1" 404 23 1 Java/1.8.0_111
127.0.0.1 - - [29/Apr/2019:09:05:33 +0800] "GET /nacos/v1/cs/configs?dataId=swagger-server-dev.properties&group=DEFAULT_GROUP&tenant=e2028abc-3fdf-492c-a3d7-d8de579aa73c HTTP/1.1" 404 23 1 Java/1.8.0_111
172.17.118.113 - - [29/Apr/2019:09:05:37 +0800] "GET /nacos/v1/cs/health HTTP/1.1" 200 2 1 Apache-HttpAsyncClient/4.1.3 (Java/1.8.0_162)
127.0.0.1 - - [29/Apr/2019:09:05:37 +0800] "GET /nacos/v1/ns/service/list?pageSize=2147483647&groupName=DEFAULT_GROUP&encoding=UTF-8&namespaceId=e2028abc-3fdf-492c-a3d7-d8de579aa73c&pageNo=1 HTTP/1.1" 200 48 1 Nacos-Java-Client:v1.0.0
127.0.0.1 - - [29/Apr/2019:09:05:37 +0800] "GET /nacos/v1/ns/instance/list?healthyOnly=false&namespaceId=e2028abc-3fdf-492c-a3d7-d8de579aa73c&clientIP=172.17.118.113&serviceName=DEFAULT_GROUP%40%40swagger-server&udpPort=57966&encoding=UTF-8 HTTP/1.1" 200 255 1 Nacos-Java-Client:v1.0.0
127.0.0.1 - - [29/Apr/2019:09:05:37 +0800] "GET /nacos/v1/ns/service/list?pageSize=2147483647&groupName=DEFAULT_GROUP&encoding=UTF-8&namespaceId=e2028abc-3fdf-492c-a3d7-d8de579aa73c&pageNo=1 HTTP/1.1" 200 48 1 Nacos-Java-Client:v1.0.0
127.0.0.1 - - [29/Apr/2019:09:05:37 +0800] "GET /nacos/v1/ns/service/list?pageSize=2147483647&groupName=DEFAULT_GROUP&encoding=UTF-8&namespaceId=e2028abc-3fdf-492c-a3d7-d8de579aa73c&pageNo=1 HTTP/1.1" 200 48 1 Nacos-Java-Client:v1.0.0
127.0.0.1 - - [29/Apr/2019:09:05:37 +0800] "POST /nacos/v1/ns/instance?groupName=DEFAULT_GROUP&metadata=%7B%22preserved.register.source%22%3A%22SPRING_CLOUD%22%7D&namespaceId=e2028abc-3fdf-492c-a3d7-d8de579aa73c&port=8500&enable=true&healthy=true&clusterName=DEFAULT&ip=172.17.118.113&weight=1.0&ephemeral=true&serviceName=DEFAULT_GROUP%40%40swagger-server&encoding=UTF-8 HTTP/1.1" 200 2 1 Nacos-Java-Client:v1.0.0
127.0.0.1 - - [29/Apr/2019:09:05:37 +0800] "GET /nacos/v1/ns/service/list?pageSize=2147483647&groupName=DEFAULT_GROUP&encoding=UTF-8&namespaceId=e2028abc-3fdf-492c-a3d7-d8de579aa73c&pageNo=1 HTTP/1.1" 200 48 1 Nacos-Java-Client:v1.0.0
127.0.0.1 - - [29/Apr/2019:09:05:37 +0800] "POST /nacos/v1/cs/configs/listener HTTP/1.1" 200 - 1 Java/1.8.0_111
127.0.0.1 - - [29/Apr/2019:09:05:38 +0800] "GET /nacos/v1/cs/configs?dataId=swagger-server.properties&group=DEFAULT_GROUP&tenant=e2028abc-3fdf-492c-a3d7-d8de579aa73c HTTP/1.1" 404 23 1 Java/1.8.0_111
127.0.0.1 - - [29/Apr/2019:09:05:38 +0800] "GET /nacos/v1/cs/configs?dataId=swagger-server-dev.properties&group=DEFAULT_GROUP&tenant=e2028abc-3fdf-492c-a3d7-d8de579aa73c HTTP/1.1" 404 23 2 Java/1.8.0_111
127.0.0.1 - - [29/Apr/2019:09:05:38 +0800] "GET /nacos/v1/ns/service/list?pageSize=2147483647&groupName=DEFAULT_GROUP&encoding=UTF-8&namespaceId=e2028abc-3fdf-492c-a3d7-d8de579aa73c&pageNo=1 HTTP/1.1" 200 48 1 Nacos-Java-Client:v1.0.0
127.0.0.1 - - [29/Apr/2019:09:05:38 +0800] "GET /nacos/v1/ns/instance/list?healthyOnly=false&namespaceId=e2028abc-3fdf-492c-a3d7-d8de579aa73c&clientIP=172.17.118.113&serviceName=DEFAULT_GROUP%40%40swagger-server&udpPort=57966&encoding=UTF-8 HTTP/1.1" 200 578 1 Nacos-Java-Client:v1.0.0
127.0.0.1 - - [29/Apr/2019:09:05:38 +0800] "GET /nacos/v1/ns/service/list?pageSize=2147483647&groupName=DEFAULT_GROUP&encoding=UTF-8&namespaceId=e2028abc-3fdf-492c-a3d7-d8de579aa73c&pageNo=1 HTTP/1.1" 200 48 1 Nacos-Java-Client:v1.0.0
127.0.0.1 - - [29/Apr/2019:09:05:41 +0800] "PUT /nacos/v1/ns/instance/beat?beat=%7B%22cluster%22%3A%22DEFAULT%22%2C%22ip%22%3A%22172.17.118.113%22%2C%22metadata%22%3A%7B%22preserved.register.source%22%3A%22SPRING_CLOUD%22%7D%2C%22port%22%3A8500%2C%22scheduled%22%3Atrue%2C%22serviceName%22%3A%22DEFAULT_GROUP%40%40swagger-server%22%2C%22weight%22%3A1.0%7D&serviceName=DEFAULT_GROUP%40%40swagger-server&encoding=UTF-8&namespaceId=e2028abc-3fdf-492c-a3d7-d8de579aa73c HTTP/1.1" 200 38 2 Nacos-Java-Client:v1.0.0
172.17.118.113 - - [29/Apr/2019:09:05:42 +0800] "GET /nacos/v1/cs/health HTTP/1.1" 200 2 1 Apache-HttpAsyncClient/4.1.3 (Java/1.8.0_162)
127.0.0.1 - - [29/Apr/2019:09:05:46 +0800] "GET /nacos/ HTTP/1.1" 304 - 4 Mozilla/5.0 (Windows NT 10.0; Win64; x64) AppleWebKit/537.36 (KHTML, like Gecko) Chrome/73.0.3683.86 Safari/537.36
127.0.0.1 - - [29/Apr/2019:09:05:46 +0800] "GET /nacos/v1/console/namespaces?namespaceId=e2028abc-3fdf-492c-a3d7-d8de579aa73c HTTP/1.1" 200 249 7 Mozilla/5.0 (Windows NT 10.0; Win64; x64) AppleWebKit/537.36 (KHTML, like Gecko) Chrome/73.0.3683.86 Safari/537.36
127.0.0.1 - - [29/Apr/2019:09:05:46 +0800] "GET /nacos/v1/console/server/state HTTP/1.1" 200 82 4 Mozilla/5.0 (Windows NT 10.0; Win64; x64) AppleWebKit/537.36 (KHTML, like Gecko) Chrome/73.0.3683.86 Safari/537.36
127.0.0.1 - - [29/Apr/2019:09:05:46 +0800] "GET /nacos/v1/cs/configs?search=accurate&dataId=&group=&appName=&config_tags=&pageNo=1&pageSize=10&tenant=e2028abc-3fdf-492c-a3d7-d8de579aa73c&namespaceId=e2028abc-3fdf-492c-a3d7-d8de579aa73c HTTP/1.1" 200 1266 6 Mozilla/5.0 (Windows NT 10.0; Win64; x64) AppleWebKit/537.36 (KHTML, like Gecko) Chrome/73.0.3683.86 Safari/537.36
127.0.0.1 - - [29/Apr/2019:09:05:46 +0800] "PUT /nacos/v1/ns/instance/beat?beat=%7B%22cluster%22%3A%22DEFAULT%22%2C%22ip%22%3A%22172.17.118.113%22%2C%22metadata%22%3A%7B%22preserved.register.source%22%3A%22SPRING_CLOUD%22%7D%2C%22port%22%3A8500%2C%22scheduled%22%3Atrue%2C%22serviceName%22%3A%22DEFAULT_GROUP%40%40swagger-server%22%2C%22weight%22%3A1.0%7D&serviceName=DEFAULT_GROUP%40%40swagger-server&encoding=UTF-8&namespaceId=e2028abc-3fdf-492c-a3d7-d8de579aa73c HTTP/1.1" 200 38 2 Nacos-Java-Client:v1.0.0
127.0.0.1 - - [29/Apr/2019:09:05:46 +0800] "GET /nacos/ HTTP/1.1" 304 - 4 Mozilla/5.0 (Windows NT 10.0; Win64; x64) AppleWebKit/537.36 (KHTML, like Gecko) Chrome/73.0.3683.86 Safari/537.36
127.0.0.1 - - [29/Apr/2019:09:05:46 +0800] "GET /nacos/v1/console/namespaces?namespaceId=e2028abc-3fdf-492c-a3d7-d8de579aa73c HTTP/1.1" 200 249 5 Mozilla/5.0 (Windows NT 10.0; Win64; x64) AppleWebKit/537.36 (KHTML, like Gecko) Chrome/73.0.3683.86 Safari/537.36
127.0.0.1 - - [29/Apr/2019:09:05:46 +0800] "GET /nacos/v1/console/server/state HTTP/1.1" 200 82 1 Mozilla/5.0 (Windows NT 10.0; Win64; x64) AppleWebKit/537.36 (KHTML, like Gecko) Chrome/73.0.3683.86 Safari/537.36
127.0.0.1 - - [29/Apr/2019:09:05:46 +0800] "GET /nacos/v1/cs/configs?search=accurate&dataId=&group=&appName=&config_tags=&pageNo=1&pageSize=10&tenant=e2028abc-3fdf-492c-a3d7-d8de579aa73c&namespaceId=e2028abc-3fdf-492c-a3d7-d8de579aa73c HTTP/1.1" 200 1266 3 Mozilla/5.0 (Windows NT 10.0; Win64; x64) AppleWebKit/537.36 (KHTML, like Gecko) Chrome/73.0.3683.86 Safari/537.36
172.17.118.113 - - [29/Apr/2019:09:05:47 +0800] "GET /nacos/v1/cs/health HTTP/1.1" 200 2 1 Apache-HttpAsyncClient/4.1.3 (Java/1.8.0_162)
127.0.0.1 - - [29/Apr/2019:09:05:48 +0800] "GET /nacos/v1/ns/instance/list?healthyOnly=false&namespaceId=e2028abc-3fdf-492c-a3d7-d8de579aa73c&clientIP=172.17.118.113&serviceName=DEFAULT_GROUP%40%40swagger-server&udpPort=57966&encoding=UTF-8 HTTP/1.1" 200 578 1 Nacos-Java-Client:v1.0.0
127.0.0.1 - - [29/Apr/2019:09:05:51 +0800] "PUT /nacos/v1/ns/instance/beat?beat=%7B%22cluster%22%3A%22DEFAULT%22%2C%22ip%22%3A%22172.17.118.113%22%2C%22metadata%22%3A%7B%22preserved.register.source%22%3A%22SPRING_CLOUD%22%7D%2C%22port%22%3A8500%2C%22scheduled%22%3Atrue%2C%22serviceName%22%3A%22DEFAULT_GROUP%40%40swagger-server%22%2C%22weight%22%3A1.0%7D&serviceName=DEFAULT_GROUP%40%40swagger-server&encoding=UTF-8&namespaceId=e2028abc-3fdf-492c-a3d7-d8de579aa73c HTTP/1.1" 200 38 1 Nacos-Java-Client:v1.0.0
172.17.118.113 - - [29/Apr/2019:09:05:52 +0800] "GET /nacos/v1/cs/health HTTP/1.1" 200 2 5 Apache-HttpAsyncClient/4.1.3 (Java/1.8.0_162)
127.0.0.1 - - [29/Apr/2019:09:05:54 +0800] "POST /nacos/v1/cs/configs/listener HTTP/1.1" 500 - 29503 Java/1.8.0_111
127.0.0.1 - - [29/Apr/2019:09:05:56 +0800] "PUT /nacos/v1/ns/instance/beat?beat=%7B%22cluster%22%3A%22DEFAULT%22%2C%22ip%22%3A%22172.17.118.113%22%2C%22metadata%22%3A%7B%22preserved.register.source%22%3A%22SPRING_CLOUD%22%7D%2C%22port%22%3A8500%2C%22scheduled%22%3Atrue%2C%22serviceName%22%3A%22DEFAULT_GROUP%40%40swagger-server%22%2C%22weight%22%3A1.0%7D&serviceName=DEFAULT_GROUP%40%40swagger-server&encoding=UTF-8&namespaceId=e2028abc-3fdf-492c-a3d7-d8de579aa73c HTTP/1.1" 200 38 1 Nacos-Java-Client:v1.0.0
172.17.118.113 - - [29/Apr/2019:09:05:57 +0800] "GET /nacos/v1/cs/health HTTP/1.1" 200 2 3 Apache-HttpAsyncClient/4.1.3 (Java/1.8.0_162)
127.0.0.1 - - [29/Apr/2019:09:05:58 +0800] "GET /nacos/v1/ns/instance/list?healthyOnly=false&namespaceId=e2028abc-3fdf-492c-a3d7-d8de579aa73c&clientIP=172.17.118.113&serviceName=DEFAULT_GROUP%40%40swagger-server&udpPort=57966&encoding=UTF-8 HTTP/1.1" 200 578 1 Nacos-Java-Client:v1.0.0
127.0.0.1 - - [29/Apr/2019:09:06:01 +0800] "PUT /nacos/v1/ns/instance/beat?beat=%7B%22cluster%22%3A%22DEFAULT%22%2C%22ip%22%3A%22172.17.118.113%22%2C%22metadata%22%3A%7B%22preserved.register.source%22%3A%22SPRING_CLOUD%22%7D%2C%22port%22%3A8500%2C%22scheduled%22%3Atrue%2C%22serviceName%22%3A%22DEFAULT_GROUP%40%40swagger-server%22%2C%22weight%22%3A1.0%7D&serviceName=DEFAULT_GROUP%40%40swagger-server&encoding=UTF-8&namespaceId=e2028abc-3fdf-492c-a3d7-d8de579aa73c HTTP/1.1" 200 38 9 Nacos-Java-Client:v1.0.0
172.17.118.113 - - [29/Apr/2019:09:06:02 +0800] "GET /nacos/v1/cs/health HTTP/1.1" 200 2 2 Apache-HttpAsyncClient/4.1.3 (Java/1.8.0_162)
127.0.0.1 - - [29/Apr/2019:09:06:06 +0800] "PUT /nacos/v1/ns/instance/beat?beat=%7B%22cluster%22%3A%22DEFAULT%22%2C%22ip%22%3A%22172.17.118.113%22%2C%22metadata%22%3A%7B%22preserved.register.source%22%3A%22SPRING_CLOUD%22%7D%2C%22port%22%3A8500%2C%22scheduled%22%3Atrue%2C%22serviceName%22%3A%22DEFAULT_GROUP%40%40swagger-server%22%2C%22weight%22%3A1.0%7D&serviceName=DEFAULT_GROUP%40%40swagger-server&encoding=UTF-8&namespaceId=e2028abc-3fdf-492c-a3d7-d8de579aa73c HTTP/1.1" 200 38 4 Nacos-Java-Client:v1.0.0
172.17.118.113 - - [29/Apr/2019:09:06:07 +0800] "GET /nacos/v1/cs/health HTTP/1.1" 200 2 1 Apache-HttpAsyncClient/4.1.3 (Java/1.8.0_162)
127.0.0.1 - - [29/Apr/2019:09:06:07 +0800] "POST /nacos/v1/cs/configs/listener HTTP/1.1" 200 - 29502 Java/1.8.0_111
127.0.0.1 - - [29/Apr/2019:09:06:07 +0800] "GET /nacos/v1/ns/service/list?pageSize=2147483647&groupName=DEFAULT_GROUP&encoding=UTF-8&namespaceId=e2028abc-3fdf-492c-a3d7-d8de579aa73c&pageNo=1 HTTP/1.1" 200 48 1 Nacos-Java-Client:v1.0.0
127.0.0.1 - - [29/Apr/2019:09:06:08 +0800] "GET /nacos/v1/ns/instance/list?healthyOnly=false&namespaceId=e2028abc-3fdf-492c-a3d7-d8de579aa73c&clientIP=172.17.118.113&serviceName=DEFAULT_GROUP%40%40swagger-server&udpPort=57966&encoding=UTF-8 HTTP/1.1" 200 578 2 Nacos-Java-Client:v1.0.0
127.0.0.1 - - [29/Apr/2019:09:06:11 +0800] "PUT /nacos/v1/ns/instance/beat?beat=%7B%22cluster%22%3A%22DEFAULT%22%2C%22ip%22%3A%22172.17.118.113%22%2C%22metadata%22%3A%7B%22preserved.register.source%22%3A%22SPRING_CLOUD%22%7D%2C%22port%22%3A8500%2C%22scheduled%22%3Atrue%2C%22serviceName%22%3A%22DEFAULT_GROUP%40%40swagger-server%22%2C%22weight%22%3A1.0%7D&serviceName=DEFAULT_GROUP%40%40swagger-server&encoding=UTF-8&namespaceId=e2028abc-3fdf-492c-a3d7-d8de579aa73c HTTP/1.1" 200 38 4 Nacos-Java-Client:v1.0.0
172.17.118.113 - - [29/Apr/2019:09:06:12 +0800] "GET /nacos/v1/cs/health HTTP/1.1" 200 2 2 Apache-HttpAsyncClient/4.1.3 (Java/1.8.0_162)
127.0.0.1 - - [29/Apr/2019:09:06:16 +0800] "PUT /nacos/v1/ns/instance/beat?beat=%7B%22cluster%22%3A%22DEFAULT%22%2C%22ip%22%3A%22172.17.118.113%22%2C%22metadata%22%3A%7B%22preserved.register.source%22%3A%22SPRING_CLOUD%22%7D%2C%22port%22%3A8500%2C%22scheduled%22%3Atrue%2C%22serviceName%22%3A%22DEFAULT_GROUP%40%40swagger-server%22%2C%22weight%22%3A1.0%7D&serviceName=DEFAULT_GROUP%40%40swagger-server&encoding=UTF-8&namespaceId=e2028abc-3fdf-492c-a3d7-d8de579aa73c HTTP/1.1" 200 38 2 Nacos-Java-Client:v1.0.0
172.17.118.113 - - [29/Apr/2019:09:06:17 +0800] "GET /nacos/v1/cs/health HTTP/1.1" 200 2 3 Apache-HttpAsyncClient/4.1.3 (Java/1.8.0_162)
127.0.0.1 - - [29/Apr/2019:09:06:18 +0800] "GET /nacos/v1/ns/instance/list?healthyOnly=false&namespaceId=e2028abc-3fdf-492c-a3d7-d8de579aa73c&clientIP=172.17.118.113&serviceName=DEFAULT_GROUP%40%40swagger-server&udpPort=57966&encoding=UTF-8 HTTP/1.1" 200 578 1 Nacos-Java-Client:v1.0.0
127.0.0.1 - - [29/Apr/2019:09:06:20 +0800] "GET /nacos/v1/ns/catalog/services?withInstances=false&pageNo=1&pageSize=10&keyword=&namespaceId=e2028abc-3fdf-492c-a3d7-d8de579aa73c HTTP/1.1" 200 146 1 Mozilla/5.0 (Windows NT 10.0; Win64; x64) AppleWebKit/537.36 (KHTML, like Gecko) Chrome/73.0.3683.86 Safari/537.36
127.0.0.1 - - [29/Apr/2019:09:06:21 +0800] "PUT /nacos/v1/ns/instance/beat?beat=%7B%22cluster%22%3A%22DEFAULT%22%2C%22ip%22%3A%22172.17.118.113%22%2C%22metadata%22%3A%7B%22preserved.register.source%22%3A%22SPRING_CLOUD%22%7D%2C%22port%22%3A8500%2C%22scheduled%22%3Atrue%2C%22serviceName%22%3A%22DEFAULT_GROUP%40%40swagger-server%22%2C%22weight%22%3A1.0%7D&serviceName=DEFAULT_GROUP%40%40swagger-server&encoding=UTF-8&namespaceId=e2028abc-3fdf-492c-a3d7-d8de579aa73c HTTP/1.1" 200 38 1 Nacos-Java-Client:v1.0.0
172.17.118.113 - - [29/Apr/2019:09:06:22 +0800] "GET /nacos/v1/cs/health HTTP/1.1" 200 2 2 Apache-HttpAsyncClient/4.1.3 (Java/1.8.0_162)
127.0.0.1 - - [29/Apr/2019:09:06:22 +0800] "GET /nacos/v1/ns/catalog/service?serviceName=swagger-server&groupName=DEFAULT_GROUP&namespaceId=e2028abc-3fdf-492c-a3d7-d8de579aa73c HTTP/1.1" 200 326 5 Mozilla/5.0 (Windows NT 10.0; Win64; x64) AppleWebKit/537.36 (KHTML, like Gecko) Chrome/73.0.3683.86 Safari/537.36
127.0.0.1 - - [29/Apr/2019:09:06:22 +0800] "GET /nacos/v1/ns/catalog/instances?serviceName=swagger-server&clusterName=DEFAULT&pageSize=10&pageNo=1&namespaceId=e2028abc-3fdf-492c-a3d7-d8de579aa73c HTTP/1.1" 200 546 7 Mozilla/5.0 (Windows NT 10.0; Win64; x64) AppleWebKit/537.36 (KHTML, like Gecko) Chrome/73.0.3683.86 Safari/537.36
127.0.0.1 - - [29/Apr/2019:09:06:26 +0800] "PUT /nacos/v1/ns/instance/beat?beat=%7B%22cluster%22%3A%22DEFAULT%22%2C%22ip%22%3A%22172.17.118.113%22%2C%22metadata%22%3A%7B%22preserved.register.source%22%3A%22SPRING_CLOUD%22%7D%2C%22port%22%3A8500%2C%22scheduled%22%3Atrue%2C%22serviceName%22%3A%22DEFAULT_GROUP%40%40swagger-server%22%2C%22weight%22%3A1.0%7D&serviceName=DEFAULT_GROUP%40%40swagger-server&encoding=UTF-8&namespaceId=e2028abc-3fdf-492c-a3d7-d8de579aa73c HTTP/1.1" 200 38 3 Nacos-Java-Client:v1.0.0
172.17.118.113 - - [29/Apr/2019:09:06:27 +0800] "GET /nacos/v1/cs/health HTTP/1.1" 200 2 2 Apache-HttpAsyncClient/4.1.3 (Java/1.8.0_162)
127.0.0.1 - - [29/Apr/2019:09:06:28 +0800] "GET /nacos/v1/ns/instance/list?healthyOnly=false&namespaceId=e2028abc-3fdf-492c-a3d7-d8de579aa73c&clientIP=172.17.118.113&serviceName=DEFAULT_GROUP%40%40swagger-server&udpPort=57966&encoding=UTF-8 HTTP/1.1" 200 578 2 Nacos-Java-Client:v1.0.0
127.0.0.1 - - [29/Apr/2019:09:06:30 +0800] "DELETE /nacos/v1/ns/instance?namespaceId=e2028abc-3fdf-492c-a3d7-d8de579aa73c&port=8500&clusterName=DEFAULT&ip=172.17.118.113&ephemeral=true&serviceName=DEFAULT_GROUP%40%40swagger-server&encoding=UTF-8 HTTP/1.1" 200 2 2 Nacos-Java-Client:v1.0.0
172.17.118.113 - - [29/Apr/2019:09:06:32 +0800] "GET /nacos/v1/cs/health HTTP/1.1" 200 2 3 Apache-HttpAsyncClient/4.1.3 (Java/1.8.0_162)
127.0.0.1 - - [29/Apr/2019:09:06:37 +0800] "POST /nacos/v1/cs/configs/listener HTTP/1.1" 500 - 29538 Java/1.8.0_111
172.17.118.113 - - [29/Apr/2019:09:06:37 +0800] "GET /nacos/v1/cs/health HTTP/1.1" 200 2 7 Apache-HttpAsyncClient/4.1.3 (Java/1.8.0_162)
172.17.118.113 - - [29/Apr/2019:09:06:42 +0800] "GET /nacos/v1/cs/health HTTP/1.1" 200 2 2 Apache-HttpAsyncClient/4.1.3 (Java/1.8.0_162)
172.17.118.113 - - [29/Apr/2019:09:06:47 +0800] "GET /nacos/v1/cs/health HTTP/1.1" 200 2 2 Apache-HttpAsyncClient/4.1.3 (Java/1.8.0_162)
172.17.118.113 - - [29/Apr/2019:09:06:52 +0800] "GET /nacos/v1/cs/health HTTP/1.1" 200 2 2 Apache-HttpAsyncClient/4.1.3 (Java/1.8.0_162)
172.17.118.113 - - [29/Apr/2019:09:06:54 +0800] "GET /nacos/v1/cs/configs?dataId=swagger-server.properties&group=DEFAULT_GROUP&tenant=e2028abc-3fdf-492c-a3d7-d8de579aa73c HTTP/1.1" 404 23 1 Java/1.8.0_111
172.17.118.113 - - [29/Apr/2019:09:06:54 +0800] "GET /nacos/v1/cs/configs?dataId=swagger-server-dev.properties&group=DEFAULT_GROUP&tenant=e2028abc-3fdf-492c-a3d7-d8de579aa73c HTTP/1.1" 404 23 1 Java/1.8.0_111
172.17.118.113 - - [29/Apr/2019:09:06:57 +0800] "GET /nacos/v1/cs/health HTTP/1.1" 200 2 2 Apache-HttpAsyncClient/4.1.3 (Java/1.8.0_162)
172.17.118.113 - - [29/Apr/2019:09:06:58 +0800] "GET /nacos/v1/ns/service/list?pageSize=2147483647&groupName=DEFAULT_GROUP&encoding=UTF-8&namespaceId=e2028abc-3fdf-492c-a3d7-d8de579aa73c&pageNo=1 HTTP/1.1" 200 48 1 Nacos-Java-Client:v1.0.0
172.17.118.113 - - [29/Apr/2019:09:06:58 +0800] "GET /nacos/v1/ns/instance/list?healthyOnly=false&namespaceId=e2028abc-3fdf-492c-a3d7-d8de579aa73c&clientIP=172.17.118.113&serviceName=DEFAULT_GROUP%40%40swagger-server&udpPort=61657&encoding=UTF-8 HTTP/1.1" 200 255 1 Nacos-Java-Client:v1.0.0
172.17.118.113 - - [29/Apr/2019:09:06:58 +0800] "GET /nacos/v1/ns/service/list?pageSize=2147483647&groupName=DEFAULT_GROUP&encoding=UTF-8&namespaceId=e2028abc-3fdf-492c-a3d7-d8de579aa73c&pageNo=1 HTTP/1.1" 200 48 1 Nacos-Java-Client:v1.0.0
172.17.118.113 - - [29/Apr/2019:09:06:58 +0800] "GET /nacos/v1/ns/service/list?pageSize=2147483647&groupName=DEFAULT_GROUP&encoding=UTF-8&namespaceId=e2028abc-3fdf-492c-a3d7-d8de579aa73c&pageNo=1 HTTP/1.1" 200 48 1 Nacos-Java-Client:v1.0.0
172.17.118.113 - - [29/Apr/2019:09:06:58 +0800] "GET /nacos/v1/ns/service/list?pageSize=2147483647&groupName=DEFAULT_GROUP&encoding=UTF-8&namespaceId=e2028abc-3fdf-492c-a3d7-d8de579aa73c&pageNo=1 HTTP/1.1" 200 48 1 Nacos-Java-Client:v1.0.0
172.17.118.113 - - [29/Apr/2019:09:06:58 +0800] "POST /nacos/v1/ns/instance?groupName=DEFAULT_GROUP&metadata=%7B%22preserved.register.source%22%3A%22SPRING_CLOUD%22%7D&namespaceId=e2028abc-3fdf-492c-a3d7-d8de579aa73c&port=8500&enable=true&healthy=true&clusterName=DEFAULT&ip=172.17.118.113&weight=1.0&ephemeral=true&serviceName=DEFAULT_GROUP%40%40swagger-server&encoding=UTF-8 HTTP/1.1" 200 2 1 Nacos-Java-Client:v1.0.0
172.17.118.113 - - [29/Apr/2019:09:06:58 +0800] "GET /nacos/v1/ns/service/list?pageSize=2147483647&groupName=DEFAULT_GROUP&encoding=UTF-8&namespaceId=e2028abc-3fdf-492c-a3d7-d8de579aa73c&pageNo=1 HTTP/1.1" 200 48 0 Nacos-Java-Client:v1.0.0
172.17.118.113 - - [29/Apr/2019:09:06:58 +0800] "POST /nacos/v1/cs/configs/listener HTTP/1.1" 200 - 1 Java/1.8.0_111
172.17.118.113 - - [29/Apr/2019:09:06:59 +0800] "GET /nacos/v1/cs/configs?dataId=swagger-server.properties&group=DEFAULT_GROUP&tenant=e2028abc-3fdf-492c-a3d7-d8de579aa73c HTTP/1.1" 404 23 1 Java/1.8.0_111
172.17.118.113 - - [29/Apr/2019:09:06:59 +0800] "GET /nacos/v1/cs/configs?dataId=swagger-server-dev.properties&group=DEFAULT_GROUP&tenant=e2028abc-3fdf-492c-a3d7-d8de579aa73c HTTP/1.1" 404 23 1 Java/1.8.0_111
172.17.118.113 - - [29/Apr/2019:09:06:59 +0800] "GET /nacos/v1/ns/service/list?pageSize=2147483647&groupName=DEFAULT_GROUP&encoding=UTF-8&namespaceId=e2028abc-3fdf-492c-a3d7-d8de579aa73c&pageNo=1 HTTP/1.1" 200 48 1 Nacos-Java-Client:v1.0.0
172.17.118.113 - - [29/Apr/2019:09:06:59 +0800] "GET /nacos/v1/ns/instance/list?healthyOnly=false&namespaceId=e2028abc-3fdf-492c-a3d7-d8de579aa73c&clientIP=172.17.118.113&serviceName=DEFAULT_GROUP%40%40swagger-server&udpPort=61657&encoding=UTF-8 HTTP/1.1" 200 578 3 Nacos-Java-Client:v1.0.0
172.17.118.113 - - [29/Apr/2019:09:06:59 +0800] "GET /nacos/v1/ns/service/list?pageSize=2147483647&groupName=DEFAULT_GROUP&encoding=UTF-8&namespaceId=e2028abc-3fdf-492c-a3d7-d8de579aa73c&pageNo=1 HTTP/1.1" 200 48 3 Nacos-Java-Client:v1.0.0
172.17.118.113 - - [29/Apr/2019:09:07:02 +0800] "PUT /nacos/v1/ns/instance/beat?beat=%7B%22cluster%22%3A%22DEFAULT%22%2C%22ip%22%3A%22172.17.118.113%22%2C%22metadata%22%3A%7B%22preserved.register.source%22%3A%22SPRING_CLOUD%22%7D%2C%22port%22%3A8500%2C%22scheduled%22%3Atrue%2C%22serviceName%22%3A%22DEFAULT_GROUP%40%40swagger-server%22%2C%22weight%22%3A1.0%7D&serviceName=DEFAULT_GROUP%40%40swagger-server&encoding=UTF-8&namespaceId=e2028abc-3fdf-492c-a3d7-d8de579aa73c HTTP/1.1" 200 38 5 Nacos-Java-Client:v1.0.0
172.17.118.113 - - [29/Apr/2019:09:07:02 +0800] "GET /nacos/v1/cs/health HTTP/1.1" 200 2 1 Apache-HttpAsyncClient/4.1.3 (Java/1.8.0_162)
127.0.0.1 - - [29/Apr/2019:09:07:05 +0800] "GET /nacos/ HTTP/1.1" 304 - 4 Mozilla/5.0 (Windows NT 10.0; Win64; x64) AppleWebKit/537.36 (KHTML, like Gecko) Chrome/73.0.3683.86 Safari/537.36
127.0.0.1 - - [29/Apr/2019:09:07:05 +0800] "GET /nacos/v1/ns/catalog/service?serviceName=swagger-server&groupName=DEFAULT_GROUP&namespaceId=e2028abc-3fdf-492c-a3d7-d8de579aa73c HTTP/1.1" 200 326 1 Mozilla/5.0 (Windows NT 10.0; Win64; x64) AppleWebKit/537.36 (KHTML, like Gecko) Chrome/73.0.3683.86 Safari/537.36
127.0.0.1 - - [29/Apr/2019:09:07:05 +0800] "GET /nacos/v1/console/server/state HTTP/1.1" 200 82 1 Mozilla/5.0 (Windows NT 10.0; Win64; x64) AppleWebKit/537.36 (KHTML, like Gecko) Chrome/73.0.3683.86 Safari/537.36
127.0.0.1 - - [29/Apr/2019:09:07:05 +0800] "GET /nacos/v1/ns/catalog/instances?serviceName=swagger-server&clusterName=DEFAULT&pageSize=10&pageNo=1&namespaceId=e2028abc-3fdf-492c-a3d7-d8de579aa73c HTTP/1.1" 200 546 2 Mozilla/5.0 (Windows NT 10.0; Win64; x64) AppleWebKit/537.36 (KHTML, like Gecko) Chrome/73.0.3683.86 Safari/537.36
127.0.0.1 - - [29/Apr/2019:09:07:06 +0800] "GET /nacos/ HTTP/1.1" 304 - 3 Mozilla/5.0 (Windows NT 10.0; Win64; x64) AppleWebKit/537.36 (KHTML, like Gecko) Chrome/73.0.3683.86 Safari/537.36
127.0.0.1 - - [29/Apr/2019:09:07:06 +0800] "GET /nacos/v1/ns/catalog/service?serviceName=swagger-server&groupName=DEFAULT_GROUP&namespaceId=e2028abc-3fdf-492c-a3d7-d8de579aa73c HTTP/1.1" 200 326 1 Mozilla/5.0 (Windows NT 10.0; Win64; x64) AppleWebKit/537.36 (KHTML, like Gecko) Chrome/73.0.3683.86 Safari/537.36
127.0.0.1 - - [29/Apr/2019:09:07:06 +0800] "GET /nacos/v1/console/server/state HTTP/1.1" 200 82 1 Mozilla/5.0 (Windows NT 10.0; Win64; x64) AppleWebKit/537.36 (KHTML, like Gecko) Chrome/73.0.3683.86 Safari/537.36
127.0.0.1 - - [29/Apr/2019:09:07:06 +0800] "GET /nacos/v1/ns/catalog/instances?serviceName=swagger-server&clusterName=DEFAULT&pageSize=10&pageNo=1&namespaceId=e2028abc-3fdf-492c-a3d7-d8de579aa73c HTTP/1.1" 200 546 2 Mozilla/5.0 (Windows NT 10.0; Win64; x64) AppleWebKit/537.36 (KHTML, like Gecko) Chrome/73.0.3683.86 Safari/537.36
172.17.118.113 - - [29/Apr/2019:09:07:07 +0800] "PUT /nacos/v1/ns/instance/beat?beat=%7B%22cluster%22%3A%22DEFAULT%22%2C%22ip%22%3A%22172.17.118.113%22%2C%22metadata%22%3A%7B%22preserved.register.source%22%3A%22SPRING_CLOUD%22%7D%2C%22port%22%3A8500%2C%22scheduled%22%3Atrue%2C%22serviceName%22%3A%22DEFAULT_GROUP%40%40swagger-server%22%2C%22weight%22%3A1.0%7D&serviceName=DEFAULT_GROUP%40%40swagger-server&encoding=UTF-8&namespaceId=e2028abc-3fdf-492c-a3d7-d8de579aa73c HTTP/1.1" 200 38 2 Nacos-Java-Client:v1.0.0
127.0.0.1 - - [29/Apr/2019:09:07:07 +0800] "GET /nacos/v1/console/namespaces?namespaceId=e2028abc-3fdf-492c-a3d7-d8de579aa73c HTTP/1.1" 200 249 7 Mozilla/5.0 (Windows NT 10.0; Win64; x64) AppleWebKit/537.36 (KHTML, like Gecko) Chrome/73.0.3683.86 Safari/537.36
127.0.0.1 - - [29/Apr/2019:09:07:07 +0800] "GET /nacos/v1/ns/catalog/services?withInstances=false&pageNo=1&pageSize=10&keyword=&namespaceId= HTTP/1.1" 200 39 2 Mozilla/5.0 (Windows NT 10.0; Win64; x64) AppleWebKit/537.36 (KHTML, like Gecko) Chrome/73.0.3683.86 Safari/537.36
172.17.118.113 - - [29/Apr/2019:09:07:07 +0800] "GET /nacos/v1/cs/health HTTP/1.1" 200 2 1 Apache-HttpAsyncClient/4.1.3 (Java/1.8.0_162)
127.0.0.1 - - [29/Apr/2019:09:07:09 +0800] "GET /nacos/v1/ns/catalog/services?withInstances=false&pageNo=1&pageSize=10&keyword=&namespaceId=e2028abc-3fdf-492c-a3d7-d8de579aa73c HTTP/1.1" 200 146 1 Mozilla/5.0 (Windows NT 10.0; Win64; x64) AppleWebKit/537.36 (KHTML, like Gecko) Chrome/73.0.3683.86 Safari/537.36
172.17.118.113 - - [29/Apr/2019:09:07:09 +0800] "GET /nacos/v1/ns/instance/list?healthyOnly=false&namespaceId=e2028abc-3fdf-492c-a3d7-d8de579aa73c&clientIP=172.17.118.113&serviceName=DEFAULT_GROUP%40%40swagger-server&udpPort=61657&encoding=UTF-8 HTTP/1.1" 200 578 4 Nacos-Java-Client:v1.0.0
127.0.0.1 - - [29/Apr/2019:09:07:09 +0800] "GET /nacos/ HTTP/1.1" 304 - 2 Mozilla/5.0 (Windows NT 10.0; Win64; x64) AppleWebKit/537.36 (KHTML, like Gecko) Chrome/73.0.3683.86 Safari/537.36
127.0.0.1 - - [29/Apr/2019:09:07:09 +0800] "GET /nacos/v1/console/namespaces?namespaceId=e2028abc-3fdf-492c-a3d7-d8de579aa73c HTTP/1.1" 200 249 5 Mozilla/5.0 (Windows NT 10.0; Win64; x64) AppleWebKit/537.36 (KHTML, like Gecko) Chrome/73.0.3683.86 Safari/537.36
127.0.0.1 - - [29/Apr/2019:09:07:09 +0800] "GET /nacos/v1/console/server/state HTTP/1.1" 200 82 1 Mozilla/5.0 (Windows NT 10.0; Win64; x64) AppleWebKit/537.36 (KHTML, like Gecko) Chrome/73.0.3683.86 Safari/537.36
127.0.0.1 - - [29/Apr/2019:09:07:09 +0800] "GET /nacos/v1/ns/catalog/services?withInstances=false&pageNo=1&pageSize=10&keyword=&namespaceId=e2028abc-3fdf-492c-a3d7-d8de579aa73c HTTP/1.1" 200 146 2 Mozilla/5.0 (Windows NT 10.0; Win64; x64) AppleWebKit/537.36 (KHTML, like Gecko) Chrome/73.0.3683.86 Safari/537.36
127.0.0.1 - - [29/Apr/2019:09:07:10 +0800] "GET /nacos/ HTTP/1.1" 304 - 3 Mozilla/5.0 (Windows NT 10.0; Win64; x64) AppleWebKit/537.36 (KHTML, like Gecko) Chrome/73.0.3683.86 Safari/537.36
127.0.0.1 - - [29/Apr/2019:09:07:10 +0800] "GET /nacos/v1/console/namespaces?namespaceId=e2028abc-3fdf-492c-a3d7-d8de579aa73c HTTP/1.1" 200 249 5 Mozilla/5.0 (Windows NT 10.0; Win64; x64) AppleWebKit/537.36 (KHTML, like Gecko) Chrome/73.0.3683.86 Safari/537.36
127.0.0.1 - - [29/Apr/2019:09:07:10 +0800] "GET /nacos/v1/console/server/state HTTP/1.1" 200 82 2 Mozilla/5.0 (Windows NT 10.0; Win64; x64) AppleWebKit/537.36 (KHTML, like Gecko) Chrome/73.0.3683.86 Safari/537.36
127.0.0.1 - - [29/Apr/2019:09:07:10 +0800] "GET /nacos/v1/ns/catalog/services?withInstances=false&pageNo=1&pageSize=10&keyword=&namespaceId=e2028abc-3fdf-492c-a3d7-d8de579aa73c HTTP/1.1" 200 146 1 Mozilla/5.0 (Windows NT 10.0; Win64; x64) AppleWebKit/537.36 (KHTML, like Gecko) Chrome/73.0.3683.86 Safari/537.36
127.0.0.1 - - [29/Apr/2019:09:07:10 +0800] "GET /nacos/ HTTP/1.1" 304 - 4 Mozilla/5.0 (Windows NT 10.0; Win64; x64) AppleWebKit/537.36 (KHTML, like Gecko) Chrome/73.0.3683.86 Safari/537.36
127.0.0.1 - - [29/Apr/2019:09:07:10 +0800] "GET /nacos/v1/console/namespaces?namespaceId=e2028abc-3fdf-492c-a3d7-d8de579aa73c HTTP/1.1" 200 249 4 Mozilla/5.0 (Windows NT 10.0; Win64; x64) AppleWebKit/537.36 (KHTML, like Gecko) Chrome/73.0.3683.86 Safari/537.36
127.0.0.1 - - [29/Apr/2019:09:07:10 +0800] "GET /nacos/v1/console/server/state HTTP/1.1" 200 82 1 Mozilla/5.0 (Windows NT 10.0; Win64; x64) AppleWebKit/537.36 (KHTML, like Gecko) Chrome/73.0.3683.86 Safari/537.36
127.0.0.1 - - [29/Apr/2019:09:07:10 +0800] "GET /nacos/v1/ns/catalog/services?withInstances=false&pageNo=1&pageSize=10&keyword=&namespaceId=e2028abc-3fdf-492c-a3d7-d8de579aa73c HTTP/1.1" 200 146 1 Mozilla/5.0 (Windows NT 10.0; Win64; x64) AppleWebKit/537.36 (KHTML, like Gecko) Chrome/73.0.3683.86 Safari/537.36
127.0.0.1 - - [29/Apr/2019:09:07:11 +0800] "GET /nacos/v1/cs/configs?search=accurate&dataId=&group=&appName=&config_tags=&pageNo=1&pageSize=10&tenant=e2028abc-3fdf-492c-a3d7-d8de579aa73c&namespaceId=e2028abc-3fdf-492c-a3d7-d8de579aa73c HTTP/1.1" 200 1266 4 Mozilla/5.0 (Windows NT 10.0; Win64; x64) AppleWebKit/537.36 (KHTML, like Gecko) Chrome/73.0.3683.86 Safari/537.36
172.17.118.113 - - [29/Apr/2019:09:07:12 +0800] "PUT /nacos/v1/ns/instance/beat?beat=%7B%22cluster%22%3A%22DEFAULT%22%2C%22ip%22%3A%22172.17.118.113%22%2C%22metadata%22%3A%7B%22preserved.register.source%22%3A%22SPRING_CLOUD%22%7D%2C%22port%22%3A8500%2C%22scheduled%22%3Atrue%2C%22serviceName%22%3A%22DEFAULT_GROUP%40%40swagger-server%22%2C%22weight%22%3A1.0%7D&serviceName=DEFAULT_GROUP%40%40swagger-server&encoding=UTF-8&namespaceId=e2028abc-3fdf-492c-a3d7-d8de579aa73c HTTP/1.1" 200 38 2 Nacos-Java-Client:v1.0.0
172.17.118.113 - - [29/Apr/2019:09:07:12 +0800] "GET /nacos/v1/cs/health HTTP/1.1" 200 2 1 Apache-HttpAsyncClient/4.1.3 (Java/1.8.0_162)
172.17.118.113 - - [29/Apr/2019:09:07:17 +0800] "PUT /nacos/v1/ns/instance/beat?beat=%7B%22cluster%22%3A%22DEFAULT%22%2C%22ip%22%3A%22172.17.118.113%22%2C%22metadata%22%3A%7B%22preserved.register.source%22%3A%22SPRING_CLOUD%22%7D%2C%22port%22%3A8500%2C%22scheduled%22%3Atrue%2C%22serviceName%22%3A%22DEFAULT_GROUP%40%40swagger-server%22%2C%22weight%22%3A1.0%7D&serviceName=DEFAULT_GROUP%40%40swagger-server&encoding=UTF-8&namespaceId=e2028abc-3fdf-492c-a3d7-d8de579aa73c HTTP/1.1" 200 38 1 Nacos-Java-Client:v1.0.0
127.0.0.1 - - [29/Apr/2019:09:07:17 +0800] "GET /nacos/v1/cs/configs?search=accurate&dataId=&group=&appName=&config_tags=&pageNo=1&pageSize=10&tenant=e2028abc-3fdf-492c-a3d7-d8de579aa73c&namespaceId=e2028abc-3fdf-492c-a3d7-d8de579aa73c HTTP/1.1" 200 1266 5 Mozilla/5.0 (Windows NT 10.0; Win64; x64) AppleWebKit/537.36 (KHTML, like Gecko) Chrome/73.0.3683.86 Safari/537.36
172.17.118.113 - - [29/Apr/2019:09:07:17 +0800] "GET /nacos/v1/cs/health HTTP/1.1" 200 2 3 Apache-HttpAsyncClient/4.1.3 (Java/1.8.0_162)
127.0.0.1 - - [29/Apr/2019:09:07:19 +0800] "GET /nacos/v1/cs/configs?show=all&dataId=swagger-server&group=DEFAULT_GROUP&tenant=e2028abc-3fdf-492c-a3d7-d8de579aa73c&namespaceId=e2028abc-3fdf-492c-a3d7-d8de579aa73c HTTP/1.1" 200 476 5 Mozilla/5.0 (Windows NT 10.0; Win64; x64) AppleWebKit/537.36 (KHTML, like Gecko) Chrome/73.0.3683.86 Safari/537.36
172.17.118.113 - - [29/Apr/2019:09:07:19 +0800] "GET /nacos/v1/ns/instance/list?healthyOnly=false&namespaceId=e2028abc-3fdf-492c-a3d7-d8de579aa73c&clientIP=172.17.118.113&serviceName=DEFAULT_GROUP%40%40swagger-server&udpPort=61657&encoding=UTF-8 HTTP/1.1" 200 578 1 Nacos-Java-Client:v1.0.0
127.0.0.1 - - [29/Apr/2019:09:07:21 +0800] "GET /nacos/v1/cs/configs?search=accurate&dataId=&group=&appName=&config_tags=&pageNo=1&pageSize=10&tenant=e2028abc-3fdf-492c-a3d7-d8de579aa73c&namespaceId=e2028abc-3fdf-492c-a3d7-d8de579aa73c HTTP/1.1" 200 1266 4 Mozilla/5.0 (Windows NT 10.0; Win64; x64) AppleWebKit/537.36 (KHTML, like Gecko) Chrome/73.0.3683.86 Safari/537.36
172.17.118.113 - - [29/Apr/2019:09:07:22 +0800] "PUT /nacos/v1/ns/instance/beat?beat=%7B%22cluster%22%3A%22DEFAULT%22%2C%22ip%22%3A%22172.17.118.113%22%2C%22metadata%22%3A%7B%22preserved.register.source%22%3A%22SPRING_CLOUD%22%7D%2C%22port%22%3A8500%2C%22scheduled%22%3Atrue%2C%22serviceName%22%3A%22DEFAULT_GROUP%40%40swagger-server%22%2C%22weight%22%3A1.0%7D&serviceName=DEFAULT_GROUP%40%40swagger-server&encoding=UTF-8&namespaceId=e2028abc-3fdf-492c-a3d7-d8de579aa73c HTTP/1.1" 200 38 5 Nacos-Java-Client:v1.0.0
172.17.118.113 - - [29/Apr/2019:09:07:22 +0800] "GET /nacos/v1/cs/health HTTP/1.1" 200 2 1 Apache-HttpAsyncClient/4.1.3 (Java/1.8.0_162)
172.17.118.113 - - [29/Apr/2019:09:07:23 +0800] "GET /nacos/v1/cs/communication/configWatchers?&dataId=swagger-server&tenant=e2028abc-3fdf-492c-a3d7-d8de579aa73c&group=DEFAULT_GROUP HTTP/1.1" 200 41 203 Java/1.8.0_162
127.0.0.1 - - [29/Apr/2019:09:07:23 +0800] "GET /nacos/v1/cs/configs/listener?dataId=swagger-server&group=DEFAULT_GROUP&tenant=e2028abc-3fdf-492c-a3d7-d8de579aa73c&namespaceId=e2028abc-3fdf-492c-a3d7-d8de579aa73c HTTP/1.1" 200 61 207 Mozilla/5.0 (Windows NT 10.0; Win64; x64) AppleWebKit/537.36 (KHTML, like Gecko) Chrome/73.0.3683.86 Safari/537.36
172.17.118.113 - - [29/Apr/2019:09:07:27 +0800] "PUT /nacos/v1/ns/instance/beat?beat=%7B%22cluster%22%3A%22DEFAULT%22%2C%22ip%22%3A%22172.17.118.113%22%2C%22metadata%22%3A%7B%22preserved.register.source%22%3A%22SPRING_CLOUD%22%7D%2C%22port%22%3A8500%2C%22scheduled%22%3Atrue%2C%22serviceName%22%3A%22DEFAULT_GROUP%40%40swagger-server%22%2C%22weight%22%3A1.0%7D&serviceName=DEFAULT_GROUP%40%40swagger-server&encoding=UTF-8&namespaceId=e2028abc-3fdf-492c-a3d7-d8de579aa73c HTTP/1.1" 200 38 3 Nacos-Java-Client:v1.0.0
172.17.118.113 - - [29/Apr/2019:09:07:27 +0800] "GET /nacos/v1/cs/health HTTP/1.1" 200 2 3 Apache-HttpAsyncClient/4.1.3 (Java/1.8.0_162)
172.17.118.113 - - [29/Apr/2019:09:07:28 +0800] "POST /nacos/v1/cs/configs/listener HTTP/1.1" 200 - 29510 Java/1.8.0_111
172.17.118.113 - - [29/Apr/2019:09:07:28 +0800] "GET /nacos/v1/ns/service/list?pageSize=2147483647&groupName=DEFAULT_GROUP&encoding=UTF-8&namespaceId=e2028abc-3fdf-492c-a3d7-d8de579aa73c&pageNo=1 HTTP/1.1" 200 48 7 Nacos-Java-Client:v1.0.0
172.17.118.113 - - [29/Apr/2019:09:07:29 +0800] "GET /nacos/v1/ns/instance/list?healthyOnly=false&namespaceId=e2028abc-3fdf-492c-a3d7-d8de579aa73c&clientIP=172.17.118.113&serviceName=DEFAULT_GROUP%40%40swagger-server&udpPort=61657&encoding=UTF-8 HTTP/1.1" 200 578 4 Nacos-Java-Client:v1.0.0
172.17.118.113 - - [29/Apr/2019:09:07:32 +0800] "PUT /nacos/v1/ns/instance/beat?beat=%7B%22cluster%22%3A%22DEFAULT%22%2C%22ip%22%3A%22172.17.118.113%22%2C%22metadata%22%3A%7B%22preserved.register.source%22%3A%22SPRING_CLOUD%22%7D%2C%22port%22%3A8500%2C%22scheduled%22%3Atrue%2C%22serviceName%22%3A%22DEFAULT_GROUP%40%40swagger-server%22%2C%22weight%22%3A1.0%7D&serviceName=DEFAULT_GROUP%40%40swagger-server&encoding=UTF-8&namespaceId=e2028abc-3fdf-492c-a3d7-d8de579aa73c HTTP/1.1" 200 38 1 Nacos-Java-Client:v1.0.0
172.17.118.113 - - [29/Apr/2019:09:07:32 +0800] "GET /nacos/v1/cs/health HTTP/1.1" 200 2 1 Apache-HttpAsyncClient/4.1.3 (Java/1.8.0_162)
172.17.118.113 - - [29/Apr/2019:09:07:37 +0800] "PUT /nacos/v1/ns/instance/beat?beat=%7B%22cluster%22%3A%22DEFAULT%22%2C%22ip%22%3A%22172.17.118.113%22%2C%22metadata%22%3A%7B%22preserved.register.source%22%3A%22SPRING_CLOUD%22%7D%2C%22port%22%3A8500%2C%22scheduled%22%3Atrue%2C%22serviceName%22%3A%22DEFAULT_GROUP%40%40swagger-server%22%2C%22weight%22%3A1.0%7D&serviceName=DEFAULT_GROUP%40%40swagger-server&encoding=UTF-8&namespaceId=e2028abc-3fdf-492c-a3d7-d8de579aa73c HTTP/1.1" 200 38 6 Nacos-Java-Client:v1.0.0
172.17.118.113 - - [29/Apr/2019:09:07:37 +0800] "GET /nacos/v1/cs/health HTTP/1.1" 200 2 2 Apache-HttpAsyncClient/4.1.3 (Java/1.8.0_162)
172.17.118.113 - - [29/Apr/2019:09:07:39 +0800] "GET /nacos/v1/ns/instance/list?healthyOnly=false&namespaceId=e2028abc-3fdf-492c-a3d7-d8de579aa73c&clientIP=172.17.118.113&serviceName=DEFAULT_GROUP%40%40swagger-server&udpPort=61657&encoding=UTF-8 HTTP/1.1" 200 578 2 Nacos-Java-Client:v1.0.0
172.17.118.113 - - [29/Apr/2019:09:07:42 +0800] "PUT /nacos/v1/ns/instance/beat?beat=%7B%22cluster%22%3A%22DEFAULT%22%2C%22ip%22%3A%22172.17.118.113%22%2C%22metadata%22%3A%7B%22preserved.register.source%22%3A%22SPRING_CLOUD%22%7D%2C%22port%22%3A8500%2C%22scheduled%22%3Atrue%2C%22serviceName%22%3A%22DEFAULT_GROUP%40%40swagger-server%22%2C%22weight%22%3A1.0%7D&serviceName=DEFAULT_GROUP%40%40swagger-server&encoding=UTF-8&namespaceId=e2028abc-3fdf-492c-a3d7-d8de579aa73c HTTP/1.1" 200 38 1 Nacos-Java-Client:v1.0.0
172.17.118.113 - - [29/Apr/2019:09:07:42 +0800] "GET /nacos/v1/cs/health HTTP/1.1" 200 2 2 Apache-HttpAsyncClient/4.1.3 (Java/1.8.0_162)
172.17.118.113 - - [29/Apr/2019:09:07:47 +0800] "PUT /nacos/v1/ns/instance/beat?beat=%7B%22cluster%22%3A%22DEFAULT%22%2C%22ip%22%3A%22172.17.118.113%22%2C%22metadata%22%3A%7B%22preserved.register.source%22%3A%22SPRING_CLOUD%22%7D%2C%22port%22%3A8500%2C%22scheduled%22%3Atrue%2C%22serviceName%22%3A%22DEFAULT_GROUP%40%40swagger-server%22%2C%22weight%22%3A1.0%7D&serviceName=DEFAULT_GROUP%40%40swagger-server&encoding=UTF-8&namespaceId=e2028abc-3fdf-492c-a3d7-d8de579aa73c HTTP/1.1" 200 38 2 Nacos-Java-Client:v1.0.0
172.17.118.113 - - [29/Apr/2019:09:07:47 +0800] "GET /nacos/v1/cs/health HTTP/1.1" 200 2 1 Apache-HttpAsyncClient/4.1.3 (Java/1.8.0_162)
172.17.118.113 - - [29/Apr/2019:09:07:49 +0800] "GET /nacos/v1/ns/instance/list?healthyOnly=false&namespaceId=e2028abc-3fdf-492c-a3d7-d8de579aa73c&clientIP=172.17.118.113&serviceName=DEFAULT_GROUP%40%40swagger-server&udpPort=61657&encoding=UTF-8 HTTP/1.1" 200 578 1 Nacos-Java-Client:v1.0.0
127.0.0.1 - - [29/Apr/2019:09:07:49 +0800] "GET /nacos/v1/cs/configs?search=accurate&dataId=&group=&appName=&config_tags=&pageNo=1&pageSize=10&tenant=e2028abc-3fdf-492c-a3d7-d8de579aa73c&namespaceId=e2028abc-3fdf-492c-a3d7-d8de579aa73c HTTP/1.1" 200 1266 5 Mozilla/5.0 (Windows NT 10.0; Win64; x64) AppleWebKit/537.36 (KHTML, like Gecko) Chrome/73.0.3683.86 Safari/537.36
127.0.0.1 - - [29/Apr/2019:09:07:51 +0800] "GET /nacos/v1/cs/configs?show=all&dataId=swagger-server&group=DEFAULT_GROUP&tenant=e2028abc-3fdf-492c-a3d7-d8de579aa73c&namespaceId=e2028abc-3fdf-492c-a3d7-d8de579aa73c HTTP/1.1" 200 476 4 Mozilla/5.0 (Windows NT 10.0; Win64; x64) AppleWebKit/537.36 (KHTML, like Gecko) Chrome/73.0.3683.86 Safari/537.36
172.17.118.113 - - [29/Apr/2019:09:07:52 +0800] "PUT /nacos/v1/ns/instance/beat?beat=%7B%22cluster%22%3A%22DEFAULT%22%2C%22ip%22%3A%22172.17.118.113%22%2C%22metadata%22%3A%7B%22preserved.register.source%22%3A%22SPRING_CLOUD%22%7D%2C%22port%22%3A8500%2C%22scheduled%22%3Atrue%2C%22serviceName%22%3A%22DEFAULT_GROUP%40%40swagger-server%22%2C%22weight%22%3A1.0%7D&serviceName=DEFAULT_GROUP%40%40swagger-server&encoding=UTF-8&namespaceId=e2028abc-3fdf-492c-a3d7-d8de579aa73c HTTP/1.1" 200 38 1 Nacos-Java-Client:v1.0.0
172.17.118.113 - - [29/Apr/2019:09:07:52 +0800] "GET /nacos/v1/cs/health HTTP/1.1" 200 2 1 Apache-HttpAsyncClient/4.1.3 (Java/1.8.0_162)
127.0.0.1 - - [29/Apr/2019:09:07:56 +0800] "GET /nacos/v1/cs/configs?search=accurate&dataId=&group=&appName=&config_tags=&pageNo=1&pageSize=10&tenant=e2028abc-3fdf-492c-a3d7-d8de579aa73c&namespaceId=e2028abc-3fdf-492c-a3d7-d8de579aa73c HTTP/1.1" 200 1266 5 Mozilla/5.0 (Windows NT 10.0; Win64; x64) AppleWebKit/537.36 (KHTML, like Gecko) Chrome/73.0.3683.86 Safari/537.36
127.0.0.1 - - [29/Apr/2019:09:07:56 +0800] "GET /nacos/v1/cs/configs?search=accurate&dataId=&group=&appName=&config_tags=&pageNo=1&pageSize=10&tenant=e2028abc-3fdf-492c-a3d7-d8de579aa73c&namespaceId=e2028abc-3fdf-492c-a3d7-d8de579aa73c HTTP/1.1" 200 1266 3 Mozilla/5.0 (Windows NT 10.0; Win64; x64) AppleWebKit/537.36 (KHTML, like Gecko) Chrome/73.0.3683.86 Safari/537.36
127.0.0.1 - - [29/Apr/2019:09:07:56 +0800] "GET /nacos/v1/cs/configs?search=accurate&dataId=&group=&appName=&config_tags=&pageNo=1&pageSize=10&tenant=e2028abc-3fdf-492c-a3d7-d8de579aa73c&namespaceId=e2028abc-3fdf-492c-a3d7-d8de579aa73c HTTP/1.1" 200 1266 5 Mozilla/5.0 (Windows NT 10.0; Win64; x64) AppleWebKit/537.36 (KHTML, like Gecko) Chrome/73.0.3683.86 Safari/537.36
127.0.0.1 - - [29/Apr/2019:09:07:56 +0800] "GET /nacos/v1/cs/configs?search=accurate&dataId=&group=&appName=&config_tags=&pageNo=1&pageSize=10&tenant=e2028abc-3fdf-492c-a3d7-d8de579aa73c&namespaceId=e2028abc-3fdf-492c-a3d7-d8de579aa73c HTTP/1.1" 200 1266 4 Mozilla/5.0 (Windows NT 10.0; Win64; x64) AppleWebKit/537.36 (KHTML, like Gecko) Chrome/73.0.3683.86 Safari/537.36
172.17.118.113 - - [29/Apr/2019:09:07:57 +0800] "PUT /nacos/v1/ns/instance/beat?beat=%7B%22cluster%22%3A%22DEFAULT%22%2C%22ip%22%3A%22172.17.118.113%22%2C%22metadata%22%3A%7B%22preserved.register.source%22%3A%22SPRING_CLOUD%22%7D%2C%22port%22%3A8500%2C%22scheduled%22%3Atrue%2C%22serviceName%22%3A%22DEFAULT_GROUP%40%40swagger-server%22%2C%22weight%22%3A1.0%7D&serviceName=DEFAULT_GROUP%40%40swagger-server&encoding=UTF-8&namespaceId=e2028abc-3fdf-492c-a3d7-d8de579aa73c HTTP/1.1" 200 38 4 Nacos-Java-Client:v1.0.0
172.17.118.113 - - [29/Apr/2019:09:07:57 +0800] "GET /nacos/v1/cs/health HTTP/1.1" 200 2 1 Apache-HttpAsyncClient/4.1.3 (Java/1.8.0_162)
172.17.118.113 - - [29/Apr/2019:09:07:57 +0800] "POST /nacos/v1/cs/configs/listener HTTP/1.1" 200 - 29504 Java/1.8.0_111
172.17.118.113 - - [29/Apr/2019:09:07:58 +0800] "GET /nacos/v1/ns/service/list?pageSize=2147483647&groupName=DEFAULT_GROUP&encoding=UTF-8&namespaceId=e2028abc-3fdf-492c-a3d7-d8de579aa73c&pageNo=1 HTTP/1.1" 200 48 6 Nacos-Java-Client:v1.0.0
172.17.118.113 - - [29/Apr/2019:09:07:59 +0800] "GET /nacos/v1/ns/instance/list?healthyOnly=false&namespaceId=e2028abc-3fdf-492c-a3d7-d8de579aa73c&clientIP=172.17.118.113&serviceName=DEFAULT_GROUP%40%40swagger-server&udpPort=61657&encoding=UTF-8 HTTP/1.1" 200 578 3 Nacos-Java-Client:v1.0.0
172.17.118.113 - - [29/Apr/2019:09:08:02 +0800] "PUT /nacos/v1/ns/instance/beat?beat=%7B%22cluster%22%3A%22DEFAULT%22%2C%22ip%22%3A%22172.17.118.113%22%2C%22metadata%22%3A%7B%22preserved.register.source%22%3A%22SPRING_CLOUD%22%7D%2C%22port%22%3A8500%2C%22scheduled%22%3Atrue%2C%22serviceName%22%3A%22DEFAULT_GROUP%40%40swagger-server%22%2C%22weight%22%3A1.0%7D&serviceName=DEFAULT_GROUP%40%40swagger-server&encoding=UTF-8&namespaceId=e2028abc-3fdf-492c-a3d7-d8de579aa73c HTTP/1.1" 200 38 5 Nacos-Java-Client:v1.0.0
127.0.0.1 - - [29/Apr/2019:09:08:02 +0800] "GET /nacos/v1/cs/configs?search=accurate&dataId=&group=&appName=&config_tags=&pageNo=1&pageSize=10&tenant=e2028abc-3fdf-492c-a3d7-d8de579aa73c&namespaceId=e2028abc-3fdf-492c-a3d7-d8de579aa73c HTTP/1.1" 200 1266 4 Mozilla/5.0 (Windows NT 10.0; Win64; x64) AppleWebKit/537.36 (KHTML, like Gecko) Chrome/73.0.3683.86 Safari/537.36
127.0.0.1 - - [29/Apr/2019:09:08:02 +0800] "GET /nacos/v1/cs/configs?search=accurate&dataId=&group=&appName=&config_tags=&pageNo=1&pageSize=10&tenant=e2028abc-3fdf-492c-a3d7-d8de579aa73c&namespaceId=e2028abc-3fdf-492c-a3d7-d8de579aa73c HTTP/1.1" 200 1266 4 Mozilla/5.0 (Windows NT 10.0; Win64; x64) AppleWebKit/537.36 (KHTML, like Gecko) Chrome/73.0.3683.86 Safari/537.36
